// Jest Snapshot v1, https://goo.gl/fbAQLP

exports[`Pruebas sobre el componente de <AddCategory/> debe mostrar correctamente el componente 1`] = `
<Fragment>
  <h2>
    Add Category
  </h2>
  <p />
  <form
    onSubmit={[Function]}
  >
    <input
      onChange={[Function]}
      type="text"
      value=""
    />
  </form>
</Fragment>
`;
